2026-05-10 01:25:12 [DEBU] {f8a87911a4f5ad182ed3ff62444c4adf} [DToken] config loaded
2026-05-10 01:25:12 [DEBU] {00b4bb11a4f5ad1830d3ff6289d7bf03} [DToken] options normalized: cacheMode=2 cachePreKey=DToken: timeout=60000 maxRefresh=30000
2026-05-10 01:25:12 [INFO] {b4b1c311a4f5ad1831d3ff62f2e2d2e0} [DToken] renew pool initialized: min=10 max=200
2026-05-10 01:26:17 [DEBU] {2821a911b3f5ad18307a5b4ed07e5aba} [DToken] config loaded
2026-05-10 01:26:17 [DEBU] {8001e911b3f5ad18327a5b4e6a0a960c} [DToken] options normalized: cacheMode=2 cachePreKey=DToken: timeout=60000 maxRefresh=30000
2026-05-10 01:26:17 [INFO] {8001e911b3f5ad18337a5b4e5b5a9abd} [DToken] renew pool initialized: min=10 max=200
2026-05-10 01:26:17 [INFO] {0813fa11b3f5ad18347a5b4e88a8e8f9} [DToken] default cache initialized: mode=2 preKey=DToken:
2026-05-10 01:26:17 [DEBU] {0813fa11b3f5ad18357a5b4ec81cbc80} [DToken] default token codec initialized
2026-05-10 01:26:17 [DEBU] {0813fa11b3f5ad18367a5b4e909422b5} [DToken] default session codec initialized
2026-05-10 01:26:17 [INFO] {f8ef0912b3f5ad18377a5b4e8df9cb1d} [DToken] token initialized
2026-05-10 01:26:23 [INFO] [DToken] renew pool manager closed
2026-05-10 01:26:23 [INFO] [DToken] token shutdown completed
2026-05-10 01:26:24 [DEBU] {882e95a7b4f5ad1897133b064eb3a67f} [DToken] config loaded
2026-05-10 01:26:24 [DEBU] {9c3fc5a7b4f5ad1899133b066da05939} [DToken] options normalized: cacheMode=2 cachePreKey=DToken: timeout=60000 maxRefresh=30000
2026-05-10 01:26:24 [INFO] {9c3fc5a7b4f5ad189a133b06841eabd2} [DToken] renew pool initialized: min=10 max=200
2026-05-10 01:26:24 [INFO] {c44bcda7b4f5ad189b133b06d8a5dc7c} [DToken] default cache initialized: mode=2 preKey=DToken:
2026-05-10 01:26:24 [DEBU] {c44bcda7b4f5ad189c133b06cea9ad5c} [DToken] default token codec initialized
2026-05-10 01:26:24 [DEBU] {c44bcda7b4f5ad189d133b064e3a18d7} [DToken] default session codec initialized
2026-05-10 01:26:24 [INFO] {ac53dda7b4f5ad189e133b0633e1ade5} [DToken] token initialized
2026-05-10 01:26:26 [INFO] [DToken] renew pool manager closed
2026-05-10 01:26:26 [INFO] [DToken] token shutdown completed
2026-05-10 01:26:30 [DEBU] {8c1b0f1db6f5ad1892a61257c3873118} [DToken] config loaded
2026-05-10 01:26:30 [DEBU] {04973e1db6f5ad1894a612575a75ec48} [DToken] options normalized: cacheMode=2 cachePreKey=DToken: timeout=60000 maxRefresh=30000
2026-05-10 01:26:30 [INFO] {04973e1db6f5ad1895a61257a20ee75a} [DToken] renew pool initialized: min=10 max=200
2026-05-10 01:26:30 [INFO] {9494471db6f5ad1896a61257fc66d4bf} [DToken] default cache initialized: mode=2 preKey=DToken:
2026-05-10 01:26:30 [DEBU] {9494471db6f5ad1897a612572240f4ca} [DToken] default token codec initialized
2026-05-10 01:26:30 [DEBU] {34744f1db6f5ad1898a6125719f73ed0} [DToken] default session codec initialized
2026-05-10 01:26:30 [INFO] {64895f1db6f5ad1899a6125784add5b0} [DToken] token initialized
2026-05-10 01:27:04 [INFO] [DToken] renew pool manager closed
2026-05-10 01:27:04 [INFO] [DToken] token shutdown completed
2026-05-10 01:27:04 [DEBU] {1400981fbef5ad183a52b502470bf4ae} [DToken] config loaded
2026-05-10 01:27:04 [DEBU] {9cb7d01fbef5ad183c52b5025f3f541d} [DToken] options normalized: cacheMode=2 cachePreKey=DToken: timeout=60000 maxRefresh=30000
2026-05-10 01:27:04 [INFO] {9cb7d01fbef5ad183d52b5024e8b27a7} [DToken] renew pool initialized: min=10 max=200
2026-05-10 01:27:04 [INFO] {2cedd81fbef5ad183e52b502bc0b4bda} [DToken] default cache initialized: mode=2 preKey=DToken:
2026-05-10 01:27:04 [DEBU] {2cedd81fbef5ad183f52b50282c58158} [DToken] default token codec initialized
2026-05-10 01:27:04 [DEBU] {2cedd81fbef5ad184052b5020d6fae3a} [DToken] default session codec initialized
2026-05-10 01:27:04 [INFO] {b404e91fbef5ad184152b502e63286cf} [DToken] token initialized
2026-05-10 01:27:47 [INFO] [DToken] renew pool manager closed
2026-05-10 01:27:47 [INFO] [DToken] token shutdown completed
2026-05-10 01:27:47 [DEBU] {28840f29c8f5ad18f14e896f177acf74} [DToken] config loaded
2026-05-10 01:27:47 [DEBU] {c01d4729c8f5ad18f34e896fee91599e} [DToken] options normalized: cacheMode=2 cachePreKey=DToken: timeout=60000 maxRefresh=30000
2026-05-10 01:27:47 [INFO] {78444f29c8f5ad18f44e896f939d9676} [DToken] renew pool initialized: min=10 max=200
2026-05-10 01:27:47 [INFO] {74fe5729c8f5ad18f54e896f85dcb36d} [DToken] default cache initialized: mode=2 preKey=DToken:
2026-05-10 01:27:47 [DEBU] {74fe5729c8f5ad18f64e896f80c5a44f} [DToken] default token codec initialized
2026-05-10 01:27:47 [DEBU] {74fe5729c8f5ad18f74e896f725be2b6} [DToken] default session codec initialized
2026-05-10 01:27:47 [INFO] {00776729c8f5ad18f84e896fc04490dc} [DToken] token initialized
2026-05-10 01:27:52 [INFO] [DToken] renew pool manager closed
2026-05-10 01:27:52 [INFO] [DToken] token shutdown completed
2026-05-10 01:27:52 [DEBU] {7c1ed34dc9f5ad18c5d87e00171368c8} [DToken] config loaded
2026-05-10 01:27:52 [DEBU] {e8840a4ec9f5ad18c7d87e0091f0cba6} [DToken] options normalized: cacheMode=2 cachePreKey=DToken: timeout=60000 maxRefresh=30000
2026-05-10 01:27:52 [INFO] {e8840a4ec9f5ad18c8d87e00487af344} [DToken] renew pool initialized: min=10 max=200
2026-05-10 01:27:52 [INFO] {c86a124ec9f5ad18c9d87e0080583262} [DToken] default cache initialized: mode=2 preKey=DToken:
2026-05-10 01:27:52 [DEBU] {c86a124ec9f5ad18cad87e006a1f859e} [DToken] default token codec initialized
2026-05-10 01:27:52 [DEBU] {c86a124ec9f5ad18cbd87e00a13af030} [DToken] default session codec initialized
2026-05-10 01:27:52 [INFO] {6013224ec9f5ad18ccd87e00548ef309} [DToken] token initialized
2026-05-10 01:27:56 [INFO] [DToken] renew pool manager closed
2026-05-10 01:27:56 [INFO] [DToken] token shutdown completed
2026-05-10 01:27:56 [DEBU] {603e9b44caf5ad18eab2dd5f0104e73e} [DToken] config loaded
2026-05-10 01:27:56 [DEBU] {4017d344caf5ad18ecb2dd5fd238ba37} [DToken] options normalized: cacheMode=2 cachePreKey=DToken: timeout=60000 maxRefresh=30000
2026-05-10 01:27:56 [INFO] {4017d344caf5ad18edb2dd5f5064c85a} [DToken] renew pool initialized: min=10 max=200
2026-05-10 01:27:56 [INFO] {9c12db44caf5ad18eeb2dd5ff62fe1d6} [DToken] default cache initialized: mode=2 preKey=DToken:
2026-05-10 01:27:56 [DEBU] {9c12db44caf5ad18efb2dd5f25bdbc6b} [DToken] default token codec initialized
2026-05-10 01:27:56 [DEBU] {9c12db44caf5ad18f0b2dd5f6558c1dd} [DToken] default session codec initialized
2026-05-10 01:27:56 [INFO] {483deb44caf5ad18f1b2dd5f72a5f56a} [DToken] token initialized
2026-05-10 01:31:37 [INFO] [DToken] renew pool manager closed
2026-05-10 01:31:37 [INFO] [DToken] token shutdown completed
2026-05-10 01:32:56 [DEBU] {10b5ebfa0ff6ad18d092523a2bb9b7ba} [DToken] auth skipped: path=/api/v1/health
2026-05-10 01:32:59 [DEBU] {c4177eb510f6ad18d192523a157f1bb1} [DToken] auth skipped: path=/api/v1/health
2026-05-10 01:33:00 [DEBU] {6c4d9ade10f6ad18d392523a6975b79d} [DToken] auth skipped: path=/api/v1/health
2026-05-10 01:33:00 [DEBU] {142da0fb10f6ad18d492523a92a60389} [DToken] auth skipped: path=/api/v1/health
2026-05-10 01:33:14 [DEBU] {b0d5b52014f6ad18d792523af25a6113} [DToken] auth skipped: path=/api/v1/health
2026-05-10 01:52:41 [INFO] [DToken] renew pool manager closed
2026-05-10 01:52:41 [INFO] [DToken] token shutdown completed
2026-05-10 01:53:12 [INFO] {a4523c212af7ad183d19b028d03df406} [DToken] renew pool manager closed
2026-05-10 01:53:12 [INFO] {a4523c212af7ad183d19b028d03df406} [DToken] token shutdown completed
2026-05-10 01:53:28 [DEBU] {e076e6e42ef7ad186aa9076f28f679fd} [DToken] auth skipped: path=/api/v1/health
2026-05-10 01:53:30 [DEBU] {f028e5412ff7ad186ba9076ff78f0b60} [DToken] auth skipped: path=/api/v1/health
2026-05-10 01:53:30 [DEBU] {dcc1515f2ff7ad186ca9076fe4447647} [DToken] auth skipped: path=/api/v1/health
2026-05-10 01:54:45 [INFO] {6877406f2bf7ad1866a9076fe9c6087a} [DToken] renew pool manager closed
2026-05-10 01:54:45 [INFO] {6877406f2bf7ad1866a9076fe9c6087a} [DToken] token shutdown completed
2026-05-10 01:55:14 [DEBU] {40fde2a247f7ad18ac96012c92d269b2} [DToken] auth skipped: path=/api/v1/health
2026-05-10 01:55:17 [DEBU] {b89b805748f7ad18ae96012ce26c018e} [DToken] auth skipped: path=/api/v1/auth/login
2026-05-10 01:56:49 [INFO] {20b990d840f7ad18a596012cd8a0a004} [DToken] renew pool manager closed
2026-05-10 01:56:49 [INFO] {20b990d840f7ad18a596012cd8a0a004} [DToken] token shutdown completed
2026-05-10 01:56:56 [DEBU] {9472164d5ff7ad1836679902a283d2f8} [DToken] auth skipped: path=/api/v1/auth/login
2026-05-10 01:56:58 [DEBU] {601a38a85ff7ad1837679902cfcb97e9} [DToken] auth skipped: path=/api/v1/auth/login
2026-05-10 01:57:02 [DEBU] {b86f1f9f60f7ad183967990290fa40bb} [DToken] auth skipped: path=/api/v1/auth/login
2026-05-10 01:58:44 [INFO] {283420995ef7ad18336799026deeceaf} [DToken] renew pool manager closed
2026-05-10 01:58:44 [INFO] {283420995ef7ad18336799026deeceaf} [DToken] token shutdown completed
2026-05-10 01:58:59 [DEBU] {ccb887e17bf7ad18a3352e40209be639} [DToken] auth skipped: path=/api/v1/auth/login
2026-05-10 01:58:59 [WARN] {ccb887e17bf7ad18a3352e40209be639} [DToken] session not found: userKey=test1
2026-05-10 01:58:59 [INFO] {ccb887e17bf7ad18a3352e40209be639} [DToken] token generated: userKey=test1
2026-05-10 01:59:15 [INFO] {b47c9ab07ff7ad18a9352e402ebfc547} [DToken] token destroyed: userKey=test1
2026-05-10 01:59:18 [WARN] {284bc76380f7ad18ab352e4051e599fd} [DToken] session not found: userKey=test1
2026-05-10 01:59:18 [WARN] {284bc76380f7ad18ab352e4051e599fd} [DToken] load session failed: userKey=test1 error=cache value is nil
2026-05-10 01:59:18 [WARN] {284bc76380f7ad18ab352e4051e599fd} [DToken] auth failed: path=/api/v1/user/info error=cache value is nil
2026-05-10 01:59:19 [WARN] {3ca8de9e80f7ad18ac352e40971691a3} [DToken] session not found: userKey=test1
2026-05-10 01:59:19 [WARN] {3ca8de9e80f7ad18ac352e40971691a3} [DToken] load session failed: userKey=test1 error=cache value is nil
2026-05-10 01:59:19 [WARN] {3ca8de9e80f7ad18ac352e40971691a3} [DToken] auth failed: path=/api/v1/user/info error=cache value is nil
2026-05-10 02:00:42 [WARN] {cc9c57d493f7ad18bb352e401e61480c} [DToken] session not found: userKey=test1
2026-05-10 02:00:42 [WARN] {cc9c57d493f7ad18bb352e401e61480c} [DToken] load session failed: userKey=test1 error=cache value is nil
2026-05-10 02:00:42 [WARN] {cc9c57d493f7ad18bb352e401e61480c} [DToken] auth failed: path=/api/v1/user/info error=cache value is nil
2026-05-10 02:06:27 [INFO] {4472609978f7ad189f352e40cca940d3} [DToken] renew pool manager closed
2026-05-10 02:06:27 [INFO] {4472609978f7ad189f352e40cca940d3} [DToken] token shutdown completed
2026-05-10 02:17:07 [INFO] {24286127e5f7ad187e47c03e5f984293} [DToken] renew pool manager closed
2026-05-10 02:19:03 [INFO] {c40e5f447af8ad18e885f84565c1240e} [DToken] renew pool manager closed
